Checking for deprecated package usage... OK
Checking for remote package usage... OK
Checking for 'LazyData: true' usage... OK
Checking version number... OK
Checking version number validity... OK
Checking R version dependency... OK
Checking package size... OK
Checking individual file sizes... OK
Checking biocViews... OK
Checking that biocViews are present...
No biocViews terms found.
Checking build system compatibility... OK
Checking for proper Description: field... OK
Checking if DESCRIPTION is well formatted... OK
Checking for whitespace in DESCRIPTION field names... OK
Checking that Package field matches directory/tarball name... OK
Checking for Version: field... OK
Checking for valid maintainer...
Consider adding the maintainer's ORCID iD in 'Authors@R' with 'comment=c(ORCID="...")'
Checking License: for restrictive use...
License 'What license is it under?' unknown; refer to $R_HOME/share/licenses/license.db
Checking for recommended DESCRIPTION fields...
Provide 'URL', 'BugReports' field(s) in DESCRIPTION
Checking for Bioconductor software dependencies...
No Bioconductor dependencies detected. Note that some
            infrastructure packages may not have Bioconductor dependencies.
            For more information, reach out to the Bioconductor community
            and/or consider a CRAN submission.
Checking for pinned package versions in DESCRIPTION... OK
Checking for 'fnd' role in Authors@R...
No 'fnd' role found in Authors@R. If the work is supported
        by a grant, consider adding the 'fnd' role to the list of authors.
Checking NAMESPACE... OK
Checking .Rbuildignore... OK
Checking for stray BiocCheck output folders... OK
Checking for inst/doc folders... OK
Checking vignette directory...
No 'vignettes' directory.
Checking package installation calls in R code... OK
Checking for library/require of SPAROscore...
 Avoid the use of 'library' or 'require' in R code
Found in files:
library() in R/new_algorithm.r (line 1, column 1)
Checking coding practice... OK
Checking parsed R code in R directory, examples, vignettes... OK
Checking function lengths... OK
Checking man page documentation... OK
Checking package NEWS...
Consider adding a NEWS file, so your package news will be included in Bioconductor release announcements.
Checking unit tests...
Consider adding unit tests. We strongly encourage them. See
  https://contributions.bioconductor.org/tests.html
Checking skip_on_bioc() in tests... OK
Checking formatting of DESCRIPTION, NAMESPACE, man pages, R source, and vignette source...
Add content to the empty file R/get_sparo_ranks.R
Consider shorter lines; 41 lines (18%) are > 80 characters long.
First few lines:
R/new_algorithm.r#L6     # Function to take counts data as in ...
R/new_algorithm.r#L8     # counts_data: A matrix of counts wh ...
R/new_algorithm.r#L18     mean_gene_expression <- apply(counts ...
R/new_algorithm.r#L24     mean_nz_gene_expression <- apply(cou ...
R/new_algorithm.r#L27     median_nz_gene_expression <- apply(c ...
R/new_algorithm.r#L30     ga_nz_gene_expression <- apply(count ...
R/new_algorithm.r#L33     ga_1_gene_expression <- apply(counts ...
R/new_algorithm.r#L37     counts_data <- rbind(counts_data, me ...
R/new_algorithm.r#L39     # Rank the gene expressions for each ...
R/new_algorithm.r#L40     # rank_data <- apply(counts_data, 2, ...
R/new_algorithm.r#L41     rank_data <- matrixStats::colRanks(- ...
R/new_algorithm.r#L51 #     # Function to identify and report  ...
R/new_algorithm.r#L53 #     # geneset: A character vector: set ...
R/new_algorithm.r#L54 #     # all_genes: A character vector: A ...
R/new_algorithm.r#L57 #     # valid_genes: a list of genes fro ...
R/new_algorithm.r#L58 #     # missing_genes: a list of genes f ...
R/new_algorithm.r#L64 #     print(paste0("Warning: The pre-cal ...
R/new_algorithm.r#L66 #     print("These genes expression are  ...
R/new_algorithm.r#L72 # impute_missing_gene_ranks <- function( ...
R/new_algorithm.r#L73 #     # Function to impute the ranks of  ...
R/new_algorithm.r#L74 #     # incomplete_gene_ranks: VECTOR of ...
R/new_algorithm.r#L76 #     # missing_geneset: the list of gen ...
R/new_algorithm.r#L88 calc_normalised_spearmans_footrule_dista ...
R/new_algorithm.r#L89     # function to calculate spearman foo ...
R/new_algorithm.r#L90     # Note: Distance is normalized with  ...
R/new_algorithm.r#L93     # signature_ranks_vector: VECTOR of  ...
R/new_algorithm.r#L94     # rank_cap: Rank of the gene with at ...
R/new_algorithm.r#L95     # handle_missing_genes: The way to h ...
R/new_algorithm.r#L96     # missing_geneset: the list of genes ...
R/new_algorithm.r#L105             signature_ranks_vector <- im ...
R/new_algorithm.r#L118     # Calculate theoretically possible m ...
R/new_algorithm.r#L119     max_spearman_footrule <- sum(abs(ran ...
R/new_algorithm.r#L130 calc_new_algorithm <- function(rank_matr ...
R/new_algorithm.r#L133     # rank_matrix: Matrix of original ge ...
R/new_algorithm.r#L134     # gene_signature: A vector of gene n ...
R/new_algorithm.r#L135     # cap_metric: A character to mention ...
R/new_algorithm.r#L136     #             can be "mean_gene_expr ...
R/new_algorithm.r#L137     # handle_missing_genes: The way to h ...
R/new_algorithm.r#L152     new_algo_score <- setNames(rep(0.0,  ...
R/new_algorithm.r#L155         new_algo_score[cell] <- calc_nor ...
R/new_algorithm.r#L156                                          ...
Consider multiples of 4 spaces for line indents; 2 lines (1%) are not.
First few lines:
R/helper_functions.R#L27                        " signature genes ...
R/helper_functions.R#L28                        paste0(invalid_ge ...
Checking if package already exists in CRAN... OK
Checking for bioc-devel mailing list subscription...
Cannot determine whether maintainer is subscribed to the Bioc-Devel mailing list (requires admin credentials). Subscribe here: https://stat.ethz.ch/mailman/listinfo/bioc-devel
Checking for support site registration...
Unable to find your email in the Support Site:
  [38;5;232mHTTP 404 Not Found.[39m
